// Jest Snapshot v1, https://goo.gl/fbAQLP

exports[`renders homepage unchanged 1`] = `
Array [
  <style
    dangerouslySetInnerHTML={
      Object {
        "__html": ".css-1uhzuzs{max-width:container.sm;background-color:gray.100;}",
      }
    }
    data-emotion="css 1uhzuzs"
  />,
  <div
    className="chakra-container css-1uhzuzs"
  >
    <style
      dangerouslySetInnerHTML={
        Object {
          "__html": ".css-u6v8er{display:-webkit-box;display:-webkit-flex;display:-ms-flexbox;display:flex;-webkit-flex-direction:column;-ms-flex-direction:column;flex-direction:column;-webkit-align-items:center;-webkit-box-align:center;-ms-flex-align:center;align-items:center;-webkit-box-pack:center;-ms-flex-pack:center;-webkit-justify-content:center;justify-content:center;}",
        }
      }
      data-emotion="css u6v8er"
    />
    <div
      className="css-u6v8er"
    />
  </div>,
]
`;
